// Jest Snapshot v1, https://goo.gl/fbAQLP

exports[`ISS component rendered properly 1`] = `
<div
  className="projectStyle"
>
  <div
    style={
      Object {
        "fontFamily": "Georgia",
        "position": "relative",
        "top": "3vh",
      }
    }
  >
    <h3>
      <b>
        Where is the International Space Station (ISS) right now?
      </b>
    </h3>
    <div>
      Waiting for map to load...
    </div>
  </div>
</div>
`;
